// Jest Snapshot v1, https://goo.gl/fbAQLP

exports[`TodoList Ut should render correctly 1`] = `
<ol
  className="list-group list-group-flush"
>
  <TodoListItem
    handleComplete={[MockFunction]}
    handleRemove={[MockFunction]}
    index={0}
    key="1"
    todo={
      Object {
        "desc": "Learn Hooks",
        "done": false,
        "id": 1,
      }
    }
  />
  <TodoListItem
    handleComplete={[MockFunction]}
    handleRemove={[MockFunction]}
    index={1}
    key="2"
    todo={
      Object {
        "desc": "Learn React",
        "done": false,
        "id": 2,
      }
    }
  />
</ol>
`;
