// Jest Snapshot v1, https://goo.gl/fbAQLP

exports[`LoginScreen UT should display correctly 1`] = `
<div>
  <h1>
    LoginScreen
  </h1>
  <hr />
  <pre>
    {
   "name": "Jane Doe",
   "email": "jan@mail.com"
}
  </pre>
  <button
    className="btn btn-primary"
    onClick={[Function]}
  >
    Login
  </button>
</div>
`;
