// Jest Snapshot v1, https://goo.gl/fbAQLP

exports[`RealExample UT should display correctly 1`] = `
<Fragment>
  <h1>
    RealExample
  </h1>
  <hr />
  <p
    className="mt-3"
  >
    <button
      className="btn btn-primary"
      onClick={[Function]}
    >
      Show / Hide
    </button>
  </p>
</Fragment>
`;
